2026-08-31T17:34:37+00:00 send failed to alphamel1118@gmail.com: SMTP from missing
2026-08-31T17:34:37+00:00 send failed to alphamel1118@gmail.com: SMTP from missing
2026-08-31T17:46:53+00:00 send failed to alphamel1118@gmail.com: SMTP from missing
2026-08-31T17:47:14+00:00 send failed to alphamel1118@gmail.com: SMTP from missing
2026-08-31T17:49:25+00:00 send failed to zorosyn@gmail.com: SMTP from missing
2026-08-31T18:06:37+00:00 send failed to alphamel1118@gmail.com: SMTP Error: Could not authenticate.
2026-08-31T18:12:32+00:00 send failed to alphamelzuniga16@gmal.com: SMTP Error: Could not authenticate.
2026-08-31T18:20:05+00:00 send failed to alphamelzuniga16@gmail.com: SMTP Error: Could not authenticate.
2026-08-31T18:22:26+00:00 send failed to alphamelzuniga16@gmail.com: SMTP Error: Could not authenticate.
2026-08-31T18:22:28+00:00 send failed to alphamelzuniga16@gmail.com: SMTP Error: Could not authenticate.
2026-08-31T18:22:31+00:00 send failed to alphamelzuniga16@gmail.com: SMTP Error: Could not authenticate.
2026-08-31T18:30:19+00:00 send failed to alphamel1118@gmail.com: SMTP Error: Could not authenticate.
2026-08-31T18:30:48+00:00 send failed to alphamel1118@gmail.com: SMTP Error: Could not authenticate.
2026-08-31T18:30:50+00:00 send failed to alphamel1118@gmail.com: SMTP Error: Could not authenticate.
2026-08-31T18:30:53+00:00 send failed to alphamel1118@gmail.com: SMTP Error: Could not authenticate.
2026-08-31T18:34:48+00:00 send failed to synbrook260@gmail.com: SMTP Error: Could not authenticate.
2026-08-31T18:34:51+00:00 send failed to synbrook260@gmail.com: SMTP Error: Could not authenticate.
2026-08-31T18:34:54+00:00 send failed to synbrook260@gmail.com: SMTP Error: Could not authenticate.
2026-08-31T18:39:32+00:00 send failed to alphamelzuniga16@gmail.com: SMTP Error: Could not authenticate.
2026-08-31T18:39:35+00:00 send failed to alphamelzuniga16@gmail.com: SMTP Error: Could not authenticate.
2026-08-31T18:39:37+00:00 send failed to alphamelzuniga16@gmail.com: SMTP Error: Could not authenticate.
2026-08-31T18:42:43+00:00 send failed to synbrook260@gmail.com: SMTP Error: Could not authenticate.
2026-08-31T18:42:46+00:00 send failed to synbrook260@gmail.com: SMTP Error: Could not authenticate.
2026-08-31T18:42:47+00:00 send failed to synbrook260@gmail.com: SMTP Error: Could not authenticate.
2026-09-01T06:21:48+00:00 send failed to alphamel1118@gmail.com: SMTP Error: Could not authenticate.
2026-09-01T06:21:52+00:00 send failed to alphamel1118@gmail.com: SMTP Error: Could not authenticate.
2026-09-01T06:21:55+00:00 send failed to alphamel1118@gmail.com: SMTP Error: Could not authenticate.
2026-09-01T06:24:09+00:00 send failed to alphamelzuniga16@gmail.com: SMTP Error: Could not authenticate.
2026-09-01T06:24:11+00:00 send failed to alphamelzuniga16@gmail.com: SMTP Error: Could not authenticate.
2026-09-01T06:24:14+00:00 send failed to alphamelzuniga16@gmail.com: SMTP Error: Could not authenticate.
2026-09-01T06:25:52+00:00 send failed to synbrook260@gmail.com: SMTP Error: Could not authenticate.
2026-09-01T06:25:54+00:00 send failed to synbrook260@gmail.com: SMTP Error: Could not authenticate.
2026-09-01T06:25:56+00:00 send failed to synbrook260@gmail.com: SMTP Error: Could not authenticate.
2026-09-01T06:33:44+00:00 send failed to alphamel1118@gmail.com: SMTP Error: Could not authenticate.
2026-09-01T06:34:14+00:00 send failed to alphamelzuniga16@gmail.com: SMTP Error: Could not authenticate.
2026-09-01T06:34:18+00:00 send failed to alphamelzuniga16@gmail.com: SMTP Error: Could not authenticate.
2026-09-01T06:42:41+00:00 send failed to alphamelzuniga16@gmail.com: SMTP Error: Could not authenticate.
2026-09-01T06:42:44+00:00 send failed to alphamelzuniga16@gmail.com: SMTP Error: Could not authenticate.
2026-09-01T07:21:20+00:00 send failed to synbrook260@gmail.com: SMTP Error: Could not authenticate.
2026-09-01T07:21:23+00:00 send failed to synbrook260@gmail.com: SMTP Error: Could not authenticate.
2026-09-01T07:27:12+00:00 send failed to alphamel1118@gmail.com: SMTP Error: Could not authenticate.
2026-09-01T07:27:27+00:00 send failed to alphamel1118@gmail.com: SMTP Error: Could not authenticate.
2026-09-01T07:27:30+00:00 send failed to alphamel1118@gmail.com: SMTP Error: Could not authenticate.
2026-09-01T07:27:32+00:00 send failed to alphamel1118@gmail.com: SMTP Error: Could not authenticate.
2026-09-01T07:32:38+00:00 send failed to alphamel1118@gmail.com: SMTP Error: Could not authenticate.
2026-09-01T07:32:55+00:00 send failed to alphamel1118@gmail.com: SMTP Error: Could not authenticate.
2026-09-01T07:32:58+00:00 send failed to alphamel1118@gmail.com: SMTP Error: Could not authenticate.
2026-09-01T07:34:43+00:00 send failed to alphamel1118@gmail.com: SMTP Error: Could not authenticate.
2026-09-01T07:34:45+00:00 send failed to alphamel1118@gmail.com: SMTP Error: Could not authenticate.
2026-09-01T07:35:45+00:00 send failed to alphamel1118@gmail.com: SMTP Error: Could not authenticate.
2026-09-01T07:35:47+00:00 send failed to alphamel1118@gmail.com: SMTP Error: Could not authenticate.
2026-09-01T07:39:00+00:00 send failed to alphamel1118@gmail.com: SMTP Error: Could not authenticate.
2026-09-01T07:39:04+00:00 send failed to alphamel1118@gmail.com: SMTP Error: Could not authenticate.
2026-09-01T07:41:47+00:00 send failed to alphamel1118@gmail.com: SMTP Error: Could not authenticate.
2026-09-01T07:42:02+00:00 send failed to alphamel1118@gmail.com: SMTP Error: Could not authenticate.
2026-09-01T07:42:04+00:00 send failed to alphamel1118@gmail.com: SMTP Error: Could not authenticate.
2026-09-01T07:42:08+00:00 send failed to alphamel1118@gmail.com: SMTP Error: Could not authenticate.
2026-09-01T10:29:22+00:00 send failed to alphamel1118@gmail.com: SMTP Error: Could not authenticate.
2026-09-01T10:29:26+00:00 send failed to alphamel1118@gmail.com: SMTP Error: Could not authenticate.
2026-09-01T10:30:21+00:00 send failed to synbrook260@gmail.com: SMTP Error: Could not authenticate.
2026-09-01T10:30:24+00:00 send failed to synbrook260@gmail.com: SMTP Error: Could not authenticate.
2026-09-01T10:30:27+00:00 send failed to synbrook260@gmail.com: SMTP Error: Could not authenticate.
2026-09-01T10:35:16+00:00 sent to alphamel1118@gmail.com subject=Your LEXSHIELD login code
2026-09-01T10:35:57+00:00 sent to alphamel1118@gmail.com subject=New LEXSHIELD login
2026-09-01T10:36:01+00:00 sent to alphamel1118@gmail.com subject=New browser login on LEXSHIELD
2026-09-01T10:36:49+00:00 sent to alphamel1118@gmail.com subject=Your LEXSHIELD login code
2026-09-01T10:37:10+00:00 sent to alphamel1118@gmail.com subject=New LEXSHIELD login
2026-09-01T10:38:20+00:00 sent to synbrook260@gmail.com subject=Your LEXSHIELD login code
2026-09-01T10:39:00+00:00 sent to synbrook260@gmail.com subject=Your LEXSHIELD login code
2026-09-01T10:39:50+00:00 sent to alphamelzuniga16@gmail.com subject=Your LEXSHIELD login code
2026-09-01T10:40:12+00:00 sent to alphamelzuniga16@gmail.com subject=New LEXSHIELD login
2026-09-01T10:40:16+00:00 sent to alphamelzuniga16@gmail.com subject=New browser login on LEXSHIELD
2026-09-01T10:54:34+00:00 sent to alphamel1118@gmail.com subject=Failed admin login attempt
2026-09-01T10:54:51+00:00 sent to alphamel1118@gmail.com subject=Your LEXSHIELD login code
2026-09-01T10:55:21+00:00 sent to alphamel1118@gmail.com subject=New LEXSHIELD login
2026-09-01T10:55:26+00:00 sent to alphamel1118@gmail.com subject=New browser login on LEXSHIELD
2026-09-01T11:00:08+00:00 sent to zorosyn@gmail.com subject=Your LEXSHIELD login code
2026-09-01T11:02:02+00:00 sent to zorosyn@gmail.com subject=New LEXSHIELD login
2026-09-01T11:02:07+00:00 sent to zorosyn@gmail.com subject=New browser login on LEXSHIELD
2026-09-01T12:00:28+00:00 send failed to alphamel1118@gmail.com: SMTP Error: Could not connect to SMTP host. Failed to connect to serverSMTP server error: Failed to connect to server Additional SMTP info: php_network_getaddresses: getaddrinfo for smtp.gmail.com failed: No such host is known. 
2026-09-01T12:00:28+00:00 send failed to alphamel1118@gmail.com: SMTP Error: Could not connect to SMTP host. Failed to connect to serverSMTP server error: Failed to connect to server Additional SMTP info: php_network_getaddresses: getaddrinfo for smtp.gmail.com failed: No such host is known. 
2026-09-01T12:00:28+00:00 send failed to alphamel1118@gmail.com: SMTP Error: Could not connect to SMTP host. Failed to connect to serverSMTP server error: Failed to connect to server Additional SMTP info: php_network_getaddresses: getaddrinfo for smtp.gmail.com failed: No such host is known. 
2026-09-01T15:16:54+00:00 sent to zorosyn@gmail.com subject=New LEXSHIELD login
2026-09-01T15:17:02+00:00 sent to zorosyn@gmail.com subject=New browser login on LEXSHIELD
2026-09-01T15:18:11+00:00 sent to alphamelzuniga16@gmail.com subject=Your LEXSHIELD login code
2026-09-01T15:18:34+00:00 sent to alphamelzuniga16@gmail.com subject=New LEXSHIELD login
2026-09-01T15:18:44+00:00 sent to alphamelzuniga16@gmail.com subject=New browser login on LEXSHIELD
2026-09-01T15:23:45+00:00 sent to alphamel1118@gmail.com subject=Failed admin login attempt
2026-09-01T15:24:06+00:00 sent to alphamel1118@gmail.com subject=Your LEXSHIELD login code
2026-09-01T15:24:34+00:00 sent to alphamel1118@gmail.com subject=New LEXSHIELD login
2026-09-01T15:24:42+00:00 sent to alphamel1118@gmail.com subject=New browser login on LEXSHIELD
2026-09-01T16:27:34+00:00 sent to zorosyn@gmail.com subject=New LEXSHIELD login
2026-09-01T16:46:11+00:00 sent to zorosyn@gmail.com subject=New LEXSHIELD login
2026-09-01T16:52:48+00:00 sent to alphamel1118@gmail.com subject=Failed admin login attempt
2026-09-01T16:53:21+00:00 sent to alphamel1118@gmail.com subject=Your LEXSHIELD login code
2026-09-01T16:53:57+00:00 sent to alphamel1118@gmail.com subject=New LEXSHIELD login
2026-09-01T16:58:52+00:00 sent to alphamel1118@gmail.com subject=Your LEXSHIELD login code
2026-09-01T16:59:19+00:00 sent to alphamel1118@gmail.com subject=New LEXSHIELD login
2026-09-01T17:00:29+00:00 sent to alphamelzuniga16@gmail.com subject=Your LEXSHIELD login code
2026-09-01T17:01:30+00:00 sent to alphamelzuniga16@gmail.com subject=New LEXSHIELD login
2026-09-01T17:01:39+00:00 sent to alphamelzuniga16@gmail.com subject=New browser login on LEXSHIELD
2026-09-02T10:11:32+00:00 sent to zorosyn@gmail.com subject=Your LEXSHIELD login code
2026-09-02T10:11:54+00:00 sent to zorosyn@gmail.com subject=New LEXSHIELD login
2026-09-02T15:17:48+00:00 sent to zorosyn@gmail.com subject=New LEXSHIELD login
2026-09-02T15:48:57+00:00 sent to alphamelzuniga16@gmail.com subject=Your LEXSHIELD login code
2026-09-02T15:49:22+00:00 sent to alphamelzuniga16@gmail.com subject=New LEXSHIELD login
2026-09-02T16:22:03+00:00 sent to zorosyn@gmail.com subject=New LEXSHIELD login
2026-09-03T03:26:52+00:00 sent to alphamelzuniga16@gmail.com subject=Your LEXSHIELD login code
2026-09-03T03:27:17+00:00 sent to alphamelzuniga16@gmail.com subject=New LEXSHIELD login
2026-09-03T03:27:25+00:00 sent to alphamelzuniga16@gmail.com subject=New browser login on LEXSHIELD
2026-09-03T04:54:28+00:00 sent to zorosyn@gmail.com subject=Your LEXSHIELD login code
2026-09-03T04:55:09+00:00 sent to zorosyn@gmail.com subject=New LEXSHIELD login
2026-09-03T04:55:18+00:00 sent to zorosyn@gmail.com subject=New browser login on LEXSHIELD
2026-09-03T04:59:06+00:00 sent to alphamelzuniga16@gmail.com subject=Your LEXSHIELD login code
2026-09-03T04:59:39+00:00 sent to alphamelzuniga16@gmail.com subject=New LEXSHIELD login
2026-09-03T10:20:27+00:00 sent to zorosyn@gmail.com subject=New LEXSHIELD login
2026-09-03T10:37:53+00:00 sent to alphamelzuniga16@gmail.com subject=New LEXSHIELD login
2026-09-03T17:30:08+00:00 sent to zorosyn@gmail.com subject=Your LEXSHIELD login code
2026-09-03T17:30:40+00:00 sent to zorosyn@gmail.com subject=New LEXSHIELD login
2026-09-03T17:34:40+00:00 sent to alphamelzuniga16@gmail.com subject=Your LEXSHIELD login code
2026-09-03T17:35:01+00:00 sent to alphamelzuniga16@gmail.com subject=New LEXSHIELD login
2026-09-03T17:36:24+00:00 sent to zorosyn@gmail.com subject=New appointment request
2026-09-03T17:37:33+00:00 sent to alphamelzuniga16@gmail.com subject=Appointment confirmed
2026-09-03T17:37:42+00:00 sent to alphamelzuniga16@gmail.com subject=Appointment confirmed
2026-09-03T17:39:09+00:00 sent to zorosyn@gmail.com subject=New appointment request
2026-09-03T17:40:18+00:00 sent to zorosyn@gmail.com subject=New appointment request
2026-09-03T17:42:16+00:00 sent to alphamelzuniga16@gmail.com subject=New message from alphamel
2026-09-03T17:42:25+00:00 sent to alphamelzuniga16@gmail.com subject=New message from alphamel
2026-09-03T17:42:33+00:00 sent to alphamelzuniga16@gmail.com subject=New message from alphamel
2026-09-03T17:43:03+00:00 sent to zorosyn@gmail.com subject=ironman is calling you
2026-09-05T12:57:29+00:00 sent to zorosyn@gmail.com subject=Your LEXSHIELD login code
2026-09-05T12:58:16+00:00 sent to zorosyn@gmail.com subject=New LEXSHIELD login
2026-09-05T13:58:01+00:00 sent to alphamelzuniga16@gmail.com subject=Your LEXSHIELD login code
2026-09-05T13:58:19+00:00 sent to alphamelzuniga16@gmail.com subject=New LEXSHIELD login
2026-09-05T13:58:43+00:00 sent to zorosyn@gmail.com subject=New message from ironman
2026-09-05T14:14:39+00:00 sent to zorosyn@gmail.com subject=New message from ironman
2026-09-05T14:14:44+00:00 sent to zorosyn@gmail.com subject=New message from ironman
2026-09-05T14:14:49+00:00 sent to zorosyn@gmail.com subject=New message from ironman
2026-09-05T14:16:08+00:00 sent to zorosyn@gmail.com subject=New appointment request
2026-09-05T14:34:45+00:00 sent to zorosyn@gmail.com subject=New appointment request
2026-09-05T14:35:16+00:00 sent to alphamelzuniga16@gmail.com subject=Appointment confirmed
2026-09-05T14:37:15+00:00 sent to zorosyn@gmail.com subject=New message from ironman
2026-09-05T14:37:20+00:00 sent to zorosyn@gmail.com subject=New message from ironman
2026-09-05T14:55:52+00:00 sent to zorosyn@gmail.com subject=New appointment request
2026-09-05T14:59:26+00:00 sent to zorosyn@gmail.com subject=New appointment request
2026-09-05T14:59:57+00:00 sent to alphamelzuniga16@gmail.com subject=Appointment confirmed
2026-09-05T15:00:01+00:00 sent to alphamelzuniga16@gmail.com subject=Appointment confirmed
2026-09-05T15:03:46+00:00 sent to zorosyn@gmail.com subject=New appointment request
2026-09-05T15:10:52+00:00 sent to alphamelzuniga16@gmail.com subject=Appointment confirmed
2026-09-05T15:10:56+00:00 sent to alphamelzuniga16@gmail.com subject=Appointment confirmed
2026-09-06T09:58:14+00:00 sent to zorosyn@gmail.com subject=Your LEXSHIELD login code
2026-09-06T09:58:57+00:00 sent to zorosyn@gmail.com subject=New LEXSHIELD login
2026-09-06T12:48:43+00:00 sent to zorosyn@gmail.com subject=New LEXSHIELD login
2026-09-06T14:20:23+00:00 sent to zorosyn@gmail.com subject=New LEXSHIELD login
2026-09-06T16:49:59+00:00 sent to alphamel1118@gmail.com subject=Your LEXSHIELD login code
2026-09-06T16:50:30+00:00 sent to alphamel1118@gmail.com subject=New LEXSHIELD login
2026-09-06T16:50:36+00:00 sent to alphamel1118@gmail.com subject=New browser login on LEXSHIELD
2026-09-06T17:15:37+00:00 sent to zorosyn@gmail.com subject=New message from secret
2026-09-06T17:16:18+00:00 sent to zorosyn@gmail.com subject=secret is calling you
2026-09-06T17:22:02+00:00 sent to zorosyn@gmail.com subject=secret is calling you
2026-09-06T18:02:52+00:00 sent to alphamel1118@gmail.com subject=Your LEXSHIELD login code
2026-09-06T18:03:19+00:00 sent to alphamel1118@gmail.com subject=New LEXSHIELD login
2026-09-06T18:03:23+00:00 sent to alphamel1118@gmail.com subject=New browser login on LEXSHIELD
2026-09-06T18:04:41+00:00 sent to zorosyn@gmail.com subject=secret is calling you
2026-09-06T18:04:45+00:00 sent to zorosyn@gmail.com subject=secret is calling you
2026-09-06T18:05:24+00:00 sent to zorosyn@gmail.com subject=secret is calling you
2026-09-07T09:34:49+00:00 sent to zorosyn@gmail.com subject=Your LEXSHIELD login code
2026-09-07T09:35:26+00:00 sent to zorosyn@gmail.com subject=New LEXSHIELD login
2026-09-07T09:35:31+00:00 sent to zorosyn@gmail.com subject=New browser login on LEXSHIELD
2026-09-07T09:36:16+00:00 sent to alphamelzuniga16@gmail.com subject=alphamel is calling you
2026-09-07T09:37:30+00:00 sent to alphamelzuniga16@gmail.com subject=Your LEXSHIELD login code
2026-09-07T09:37:53+00:00 sent to alphamelzuniga16@gmail.com subject=New LEXSHIELD login
2026-09-07T09:37:58+00:00 sent to alphamelzuniga16@gmail.com subject=New browser login on LEXSHIELD
2026-09-07T09:38:11+00:00 sent to zorosyn@gmail.com subject=ironman is calling you
2026-09-07T09:51:43+00:00 sent to alphamel1118@gmail.com subject=Failed admin login attempt
2026-09-07T09:52:39+00:00 sent to alphamel1118@gmail.com subject=Your LEXSHIELD login code
2026-09-07T09:53:10+00:00 sent to alphamel1118@gmail.com subject=New LEXSHIELD login
2026-09-07T09:53:14+00:00 sent to alphamel1118@gmail.com subject=New browser login on LEXSHIELD
2026-09-07T15:07:32+00:00 sent to alphamelzuniga16@gmail.com subject=Your LEXSHIELD login code
2026-09-07T15:09:00+00:00 sent to alphamelzuniga16@gmail.com subject=New LEXSHIELD login
2026-09-07T15:09:05+00:00 sent to alphamelzuniga16@gmail.com subject=New browser login on LEXSHIELD
2026-09-07T15:12:33+00:00 sent to zorosyn@gmail.com subject=Your LEXSHIELD login code
2026-09-07T15:12:50+00:00 sent to zorosyn@gmail.com subject=New LEXSHIELD login
2026-09-07T15:12:55+00:00 sent to zorosyn@gmail.com subject=New browser login on LEXSHIELD
2026-09-07T15:13:31+00:00 sent to alphamelzuniga16@gmail.com subject=alphamel is calling you
2026-09-07T15:14:33+00:00 sent to alphamelzuniga16@gmail.com subject=alphamel is calling you
2026-09-07T15:17:22+00:00 sent to alphamelzuniga16@gmail.com subject=alphamel is calling you
2026-09-07T15:17:38+00:00 sent to alphamelzuniga16@gmail.com subject=alphamel is calling you
2026-09-07T15:20:06+00:00 sent to zorosyn@gmail.com subject=New LEXSHIELD login
2026-09-07T15:20:41+00:00 sent to alphamelzuniga16@gmail.com subject=alphamel is calling you
2026-09-07T15:39:25+00:00 sent to zorosyn@gmail.com subject=Your LEXSHIELD login code
2026-09-07T15:39:55+00:00 sent to zorosyn@gmail.com subject=New LEXSHIELD login
2026-09-07T15:40:00+00:00 sent to zorosyn@gmail.com subject=New browser login on LEXSHIELD
2026-09-08T12:21:56+00:00 sent to alphamel1118@gmail.com subject=Your LEXSHIELD login code
2026-09-08T12:22:15+00:00 sent to alphamel1118@gmail.com subject=New LEXSHIELD login
2026-09-08T12:22:20+00:00 sent to alphamel1118@gmail.com subject=New browser login on LEXSHIELD
2026-09-08T13:41:03+00:00 sent to alphamel1118@gmail.com subject=Failed admin login attempt
2026-09-08T13:41:18+00:00 sent to alphamel1118@gmail.com subject=Your LEXSHIELD login code
2026-09-08T13:41:51+00:00 sent to alphamel1118@gmail.com subject=New LEXSHIELD login
2026-09-08T13:41:56+00:00 sent to alphamel1118@gmail.com subject=New browser login on LEXSHIELD
2026-09-08T13:54:29+00:00 sent to alphamel1118@gmail.com subject=Your LEXSHIELD login code
2026-09-08T13:54:45+00:00 sent to alphamel1118@gmail.com subject=New LEXSHIELD login
2026-09-10T08:23:50+00:00 sent to alphamelzuniga16@gmail.com subject=Your LEXSHIELD login code
2026-09-10T08:24:26+00:00 sent to alphamelzuniga16@gmail.com subject=New LEXSHIELD login
2026-09-10T08:24:30+00:00 sent to alphamelzuniga16@gmail.com subject=New browser login on LEXSHIELD
2026-09-10T14:00:23+00:00 sent to alphamelzuniga16@gmail.com subject=New LEXSHIELD login
2026-09-10T14:01:06+00:00 sent to alphamelzuniga16@gmail.com subject=New LEXSHIELD login
2026-09-10T14:01:13+00:00 sent to alphamelzuniga16@gmail.com subject=New browser login on LEXSHIELD
2026-09-10T14:24:32+00:00 sent to zorosyn@gmail.com subject=Your LEXSHIELD login code
2026-09-10T14:25:04+00:00 sent to zorosyn@gmail.com subject=New LEXSHIELD login
2026-09-10T14:25:12+00:00 sent to zorosyn@gmail.com subject=New browser login on LEXSHIELD
2026-09-10T14:26:06+00:00 sent to zorosyn@gmail.com subject=LEXSHIELD profile updated
2026-09-10T14:27:07+00:00 sent to alphamel1118@gmail.com subject=Your LEXSHIELD login code
2026-09-10T14:27:43+00:00 sent to alphamel1118@gmail.com subject=New LEXSHIELD login
2026-09-10T14:27:49+00:00 sent to alphamel1118@gmail.com subject=New browser login on LEXSHIELD
2026-09-10T15:24:35+00:00 sent to alphamel1118@gmail.com subject=Your LEXSHIELD login code
2026-09-10T15:25:11+00:00 sent to alphamel1118@gmail.com subject=New LEXSHIELD login
2026-09-10T15:27:09+00:00 sent to zorosyn@gmail.com subject=Your LEXSHIELD login code
2026-09-10T15:27:35+00:00 sent to zorosyn@gmail.com subject=New LEXSHIELD login
2026-09-10T15:27:39+00:00 sent to zorosyn@gmail.com subject=New browser login on LEXSHIELD
2026-09-10T16:21:15+00:00 sent to zorosyn@gmail.com subject=ironman is calling you
2026-09-10T16:44:52+00:00 sent to zorosyn@gmail.com subject=Your LEXSHIELD login code
2026-09-10T16:45:37+00:00 sent to zorosyn@gmail.com subject=New LEXSHIELD login
2026-09-10T16:45:50+00:00 sent to zorosyn@gmail.com subject=New browser login on LEXSHIELD
2026-09-10T16:46:32+00:00 sent to alphamelzuniga16@gmail.com subject=New message from alphamel
2026-09-10T16:46:53+00:00 sent to alphamelzuniga16@gmail.com subject=alphamel is calling you
2026-09-10T16:49:19+00:00 sent to zorosyn@gmail.com subject=ironman is calling you
2026-09-10T16:57:50+00:00 sent to zorosyn@gmail.com subject=New LEXSHIELD login
2026-09-10T16:58:35+00:00 sent to alphamelzuniga16@gmail.com subject=alphamel is calling you
2026-09-10T16:58:40+00:00 sent to alphamelzuniga16@gmail.com subject=alphamel is calling you
2026-09-11T08:37:17+00:00 sent to alphamel1118@gmail.com subject=Your LEXSHIELD login code
2026-09-11T08:37:45+00:00 sent to alphamel1118@gmail.com subject=New LEXSHIELD login
2026-09-11T08:37:55+00:00 sent to alphamel1118@gmail.com subject=New browser login on LEXSHIELD
2026-09-11T09:09:54+00:00 sent to alphamel1118@gmail.com subject=Your LEXSHIELD login code
2026-09-11T09:10:56+00:00 sent to alphamel1118@gmail.com subject=Your LEXSHIELD login code
2026-09-11T09:11:18+00:00 sent to alphamel1118@gmail.com subject=New LEXSHIELD login
2026-09-11T09:14:58+00:00 sent to zorosyn@gmail.com subject=Your LEXSHIELD login code
2026-09-11T09:15:39+00:00 sent to zorosyn@gmail.com subject=New LEXSHIELD login
2026-09-11T09:15:48+00:00 sent to zorosyn@gmail.com subject=New browser login on LEXSHIELD
2026-09-11T09:17:57+00:00 send failed to alphamel1118@gmail.com: SMTP Error: Could not authenticate.
2026-09-11T09:18:04+00:00 send failed to alphamel1118@gmail.com: SMTP Error: Could not authenticate.
2026-09-11T09:35:07+00:00 sent to alphamel1118@gmail.com subject=Your LEXSHIELD login code
2026-09-11T09:35:29+00:00 sent to alphamel1118@gmail.com subject=New LEXSHIELD login
2026-09-11T09:35:38+00:00 sent to alphamel1118@gmail.com subject=New browser login on LEXSHIELD
2026-09-11T09:54:22+00:00 sent to alphamel1118@gmail.com subject=Your LEXSHIELD login code
2026-09-11T09:54:44+00:00 sent to alphamel1118@gmail.com subject=New LEXSHIELD login
2026-09-11T09:54:54+00:00 sent to alphamel1118@gmail.com subject=New browser login on LEXSHIELD
2026-09-11T09:55:59+00:00 sent to alphamel1118@gmail.com subject=Failed admin login attempt
2026-09-11T09:58:05+00:00 sent to zorosyn@gmail.com subject=New LEXSHIELD login
2026-09-11T09:58:14+00:00 sent to zorosyn@gmail.com subject=New browser login on LEXSHIELD
2026-09-11T09:59:43+00:00 sent to alphamelzuniga16@gmail.com subject=alphamel is calling you
2026-09-11T10:01:10+00:00 sent to zorosyn@gmail.com subject=New message from secret
2026-09-11T10:01:19+00:00 sent to zorosyn@gmail.com subject=New message from secret
2026-09-11T10:01:53+00:00 sent to alphamel1118@gmail.com subject=alphamel is calling you
2026-09-11T10:11:08+00:00 sent to zorosyn@gmail.com subject=New LEXSHIELD login
2026-09-11T16:27:24+00:00 sent to alphamel1118@gmail.com subject=Your LEXSHIELD login code
2026-09-11T16:29:01+00:00 sent to alphamel1118@gmail.com subject=Your LEXSHIELD login code
2026-09-11T16:29:20+00:00 sent to alphamel1118@gmail.com subject=New LEXSHIELD login
2026-09-11T16:29:30+00:00 sent to alphamel1118@gmail.com subject=New browser login on LEXSHIELD
